#-----------------------------------------------------------
# Vivado v2023.2 (64-bit)
# SW Build 4029153 on Fri Oct 13 20:14:34 MDT 2023
# IP Build 4028589 on Sat Oct 14 00:45:43 MDT 2023
# SharedData Build 4025554 on Tue Oct 10 17:18:54 MDT 2023
# Start of session at: Tue Jun 10 09:25:38 2025
# Process ID: 15364
# Current directory: C:/Users/student/Documents/HEPCAT_2025/INDAT-FPGA-lab/INDAT-FPGA-lab.runs/xadc_wiz_0_synth_1
# Command line: vivado.exe -log xadc_wiz_0.vds -product Vivado -mode batch -messageDb vivado.pb -notrace -source xadc_wiz_0.tcl
# Log file: C:/Users/student/Documents/HEPCAT_2025/INDAT-FPGA-lab/INDAT-FPGA-lab.runs/xadc_wiz_0_synth_1/xadc_wiz_0.vds
# Journal file: C:/Users/student/Documents/HEPCAT_2025/INDAT-FPGA-lab/INDAT-FPGA-lab.runs/xadc_wiz_0_synth_1\vivado.jou
# Running On: PHYS-RSL-19-04, OS: Windows, CPU Frequency: 2712 MHz, CPU Physical cores: 4, Host memory: 8467 MB
#-----------------------------------------------------------
source xadc_wiz_0.tcl -notrace
